// Jest Snapshot v1, https://goo.gl/fbAQLP

exports[`App tests Snapshot matches 1`] = `
Array [
  <div
    className="main-container"
  >
    <div
      className="inline-container"
    >
      <div
        className="inner-box"
      >
        <h3>
          Amount of users: 
        </h3>
        <svg
          className="eye-icon"
          onClick={[Function]}
        >
          eye-slash-solid.svg
        </svg>
      </div>
    </div>
    <div
      className="inline-container"
    >
      <div
        className="inner-box"
      >
        <h3>
          Your friends: 
          0
        </h3>
        <svg
          className="minus-circle-icon"
          onClick={[Function]}
        >
          minus-circle-solid.svg
        </svg>
        <svg
          className="plus-circle-icon"
          onClick={[Function]}
        >
          plus-circle-solid.svg
        </svg>
      </div>
    </div>
    <div
      className="inline-container"
    >
      <div
        className="inner-box"
      >
        <h3>
          Do you like it?
        </h3>
        <svg
          className="thumb-icon"
          onClick={[Function]}
        >
          thumbs-up-solid.svg
        </svg>
      </div>
    </div>
    <div
      className="inline-container"
    />
  </div>,
  <footer>
    <p>
      hey, just chill..  ( ͡° ͜ʖ ͡°)
    </p>
  </footer>,
]
`;
